// Jest Snapshot v1, https://goo.gl/fbAQLP

exports[`Snapshot 1`] = `
Object {
  "Mappings": Object {
    "DefaultCrNodeVersionMap": Object {
      "af-south-1": Object {
        "value": "nodejs16.x",
      },
      "ap-east-1": Object {
        "value": "nodejs16.x",
      },
      "ap-northeast-1": Object {
        "value": "nodejs16.x",
      },
      "ap-northeast-2": Object {
        "value": "nodejs16.x",
      },
      "ap-northeast-3": Object {
        "value": "nodejs16.x",
      },
      "ap-south-1": Object {
        "value": "nodejs16.x",
      },
      "ap-south-2": Object {
        "value": "nodejs16.x",
      },
      "ap-southeast-1": Object {
        "value": "nodejs16.x",
      },
      "ap-southeast-2": Object {
        "value": "nodejs16.x",
      },
      "ap-southeast-3": Object {
        "value": "nodejs16.x",
      },
      "ca-central-1": Object {
        "value": "nodejs16.x",
      },
      "cn-north-1": Object {
        "value": "nodejs16.x",
      },
      "cn-northwest-1": Object {
        "value": "nodejs16.x",
      },
      "eu-central-1": Object {
        "value": "nodejs16.x",
      },
      "eu-central-2": Object {
        "value": "nodejs16.x",
      },
      "eu-north-1": Object {
        "value": "nodejs16.x",
      },
      "eu-south-1": Object {
        "value": "nodejs16.x",
      },
      "eu-south-2": Object {
        "value": "nodejs16.x",
      },
      "eu-west-1": Object {
        "value": "nodejs16.x",
      },
      "eu-west-2": Object {
        "value": "nodejs16.x",
      },
      "eu-west-3": Object {
        "value": "nodejs16.x",
      },
      "me-central-1": Object {
        "value": "nodejs16.x",
      },
      "me-south-1": Object {
        "value": "nodejs16.x",
      },
      "sa-east-1": Object {
        "value": "nodejs16.x",
      },
      "us-east-1": Object {
        "value": "nodejs16.x",
      },
      "us-east-2": Object {
        "value": "nodejs16.x",
      },
      "us-gov-east-1": Object {
        "value": "nodejs16.x",
      },
      "us-gov-west-1": Object {
        "value": "nodejs16.x",
      },
      "us-iso-east-1": Object {
        "value": "nodejs14.x",
      },
      "us-iso-west-1": Object {
        "value": "nodejs14.x",
      },
      "us-isob-east-1": Object {
        "value": "nodejs14.x",
      },
      "us-west-1": Object {
        "value": "nodejs16.x",
      },
      "us-west-2": Object {
        "value": "nodejs16.x",
      },
    },
  },
  "Outputs": Object {
    "apiGw": Object {
      "Description": "URL of the API gateway",
      "Value": Object {
        "Fn::Join": Array [
          "",
          Array [
            "https://",
            Object {
              "Ref": "apigw7F882D19",
            },
            ".execute-api.",
            Object {
              "Ref": "AWS::Region",
            },
            ".",
            Object {
              "Ref": "AWS::URLSuffix",
            },
            "/",
            Object {
              "Ref": "apigwDeploymentStageprod7B86DEF8",
            },
            "/",
          ],
        ],
      },
    },
    "apigwEndpoint7CC14640": Object {
      "Value": Object {
        "Fn::Join": Array [
          "",
          Array [
            "https://",
            Object {
              "Ref": "apigw7F882D19",
            },
            ".execute-api.",
            Object {
              "Ref": "AWS::Region",
            },
            ".",
            Object {
              "Ref": "AWS::URLSuffix",
            },
            "/",
            Object {
              "Ref": "apigwDeploymentStageprod7B86DEF8",
            },
            "/",
          ],
        ],
      },
    },
  },
  "Parameters": Object {
    "BootstrapVersion": Object {
      "Default": "/cdk-bootstrap/hnb659fds/version",
      "Description": "Version of the CDK Bootstrap resources in this environment, automatically retrieved from SSM Parameter Store. [cdk:skip]",
      "Type": "AWS::SSM::Parameter::Value<String>",
    },
  },
  "Resources": Object {
    "LogRetentionaae0aa3c5b4d4f87b02d85b201efdd8aFD4BFC8A": Object {
      "DependsOn": Array [
        "LogRetentionaae0aa3c5b4d4f87b02d85b201efdd8aServiceRoleDefaultPolicyADDA7DEB",
        "LogRetentionaae0aa3c5b4d4f87b02d85b201efdd8aServiceRole9741ECFB",
      ],
      "Properties": Object {
        "Code": Object {
          "S3Bucket": Object {
            "Fn::Sub": "cdk-hnb659fds-assets-\${AWS::AccountId}-\${AWS::Region}",
          },
          "S3Key": "5fa1330271b8967d9254ba2d4a07144f8acefe8b77e6d6bba38261373a50d5f8.zip",
        },
        "Handler": "index.handler",
        "Role": Object {
          "Fn::GetAtt": Array [
            "LogRetentionaae0aa3c5b4d4f87b02d85b201efdd8aServiceRole9741ECFB",
            "Arn",
          ],
        },
        "Runtime": Object {
          "Fn::FindInMap": Array [
            "DefaultCrNodeVersionMap",
            Object {
              "Ref": "AWS::Region",
            },
            "value",
          ],
        },
      },
      "Type": "AWS::Lambda::Function",
    },
    "LogRetentionaae0aa3c5b4d4f87b02d85b201efdd8aServiceRole9741ECFB": Object {
      "Properties": Object {
        "AssumeRolePolicyDocument": Object {
          "Statement": Array [
            Object {
              "Action": "sts:AssumeRole",
              "Effect": "Allow",
              "Principal": Object {
                "Service": "lambda.amazonaws.com",
              },
            },
          ],
          "Version": "2012-10-17",
        },
        "ManagedPolicyArns": Array [
          Object {
            "Fn::Join": Array [
              "",
              Array [
                "arn:",
                Object {
                  "Ref": "AWS::Partition",
                },
                ":iam::aws:policy/service-role/AWSLambdaBasicExecutionRole",
              ],
            ],
          },
        ],
      },
      "Type": "AWS::IAM::Role",
    },
    "LogRetentionaae0aa3c5b4d4f87b02d85b201efdd8aServiceRoleDefaultPolicyADDA7DEB": Object {
      "Properties": Object {
        "PolicyDocument": Object {
          "Statement": Array [
            Object {
              "Action": Array [
                "logs:PutRetentionPolicy",
                "logs:DeleteRetentionPolicy",
              ],
              "Effect": "Allow",
              "Resource": "*",
            },
          ],
          "Version": "2012-10-17",
        },
        "PolicyName": "LogRetentionaae0aa3c5b4d4f87b02d85b201efdd8aServiceRoleDefaultPolicyADDA7DEB",
        "Roles": Array [
          Object {
            "Ref": "LogRetentionaae0aa3c5b4d4f87b02d85b201efdd8aServiceRole9741ECFB",
          },
        ],
      },
      "Type": "AWS::IAM::Policy",
    },
    "apigw7F882D19": Object {
      "Properties": Object {
        "BinaryMediaTypes": Array [
          "application/zip",
          "application/octet-stream",
        ],
        "Description": "Converts CSV data to Heartbeat yml files",
        "Name": "api-gw",
      },
      "Type": "AWS::ApiGateway::RestApi",
    },
    "apigwAccount87C50226": Object {
      "DeletionPolicy": "Retain",
      "DependsOn": Array [
        "apigw7F882D19",
      ],
      "Properties": Object {
        "CloudWatchRoleArn": Object {
          "Fn::GetAtt": Array [
            "apigwCloudWatchRoleA2FD6AF0",
            "Arn",
          ],
        },
      },
      "Type": "AWS::ApiGateway::Account",
      "UpdateReplacePolicy": "Retain",
    },
    "apigwCloudWatchRoleA2FD6AF0": Object {
      "DeletionPolicy": "Retain",
      "Properties": Object {
        "AssumeRolePolicyDocument": Object {
          "Statement": Array [
            Object {
              "Action": "sts:AssumeRole",
              "Effect": "Allow",
              "Principal": Object {
                "Service": "apigateway.amazonaws.com",
              },
            },
          ],
          "Version": "2012-10-17",
        },
        "ManagedPolicyArns": Array [
          Object {
            "Fn::Join": Array [
              "",
              Array [
                "arn:",
                Object {
                  "Ref": "AWS::Partition",
                },
                ":iam::aws:policy/service-role/AmazonAPIGatewayPushToCloudWatchLogs",
              ],
            ],
          },
        ],
      },
      "Type": "AWS::IAM::Role",
      "UpdateReplacePolicy": "Retain",
    },
    "apigwDeploymentB1C01265e97596d8dfe4a9002b9ab32b463359fd": Object {
      "DependsOn": Array [
        "apigwconverterPOSTACD3E997",
        "apigwconverterA3A5ED0D",
      ],
      "Properties": Object {
        "Description": "Converts CSV data to Heartbeat yml files",
        "RestApiId": Object {
          "Ref": "apigw7F882D19",
        },
      },
      "Type": "AWS::ApiGateway::Deployment",
    },
    "apigwDeploymentStageprod7B86DEF8": Object {
      "DependsOn": Array [
        "apigwAccount87C50226",
      ],
      "Properties": Object {
        "DeploymentId": Object {
          "Ref": "apigwDeploymentB1C01265e97596d8dfe4a9002b9ab32b463359fd",
        },
        "RestApiId": Object {
          "Ref": "apigw7F882D19",
        },
        "StageName": "prod",
      },
      "Type": "AWS::ApiGateway::Stage",
    },
    "apigwconverterA3A5ED0D": Object {
      "Properties": Object {
        "ParentId": Object {
          "Fn::GetAtt": Array [
            "apigw7F882D19",
            "RootResourceId",
          ],
        },
        "PathPart": "converter",
        "RestApiId": Object {
          "Ref": "apigw7F882D19",
        },
      },
      "Type": "AWS::ApiGateway::Resource",
    },
    "apigwconverterPOSTACD3E997": Object {
      "Properties": Object {
        "AuthorizationType": "NONE",
        "HttpMethod": "POST",
        "Integration": Object {
          "IntegrationHttpMethod": "POST",
          "Type": "AWS_PROXY",
          "Uri": Object {
            "Fn::Join": Array [
              "",
              Array [
                "arn:",
                Object {
                  "Ref": "AWS::Partition",
                },
                ":apigateway:",
                Object {
                  "Ref": "AWS::Region",
                },
                ":lambda:path/2015-03-31/functions/",
                Object {
                  "Fn::GetAtt": Array [
                    "fnUpload490DB5AA",
                    "Arn",
                  ],
                },
                "/invocations",
              ],
            ],
          },
        },
        "ResourceId": Object {
          "Ref": "apigwconverterA3A5ED0D",
        },
        "RestApiId": Object {
          "Ref": "apigw7F882D19",
        },
      },
      "Type": "AWS::ApiGateway::Method",
    },
    "apigwconverterPOSTApiPermissionTesttestapigwF38F2ADAPOSTconverterBFEA45FA": Object {
      "Properties": Object {
        "Action": "lambda:InvokeFunction",
        "FunctionName": Object {
          "Fn::GetAtt": Array [
            "fnUpload490DB5AA",
            "Arn",
          ],
        },
        "Principal": "apigateway.amazonaws.com",
        "SourceArn": Object {
          "Fn::Join": Array [
            "",
            Array [
              "arn:",
              Object {
                "Ref": "AWS::Partition",
              },
              ":execute-api:",
              Object {
                "Ref": "AWS::Region",
              },
              ":",
              Object {
                "Ref": "AWS::AccountId",
              },
              ":",
              Object {
                "Ref": "apigw7F882D19",
              },
              "/test-invoke-stage/POST/converter",
            ],
          ],
        },
      },
      "Type": "AWS::Lambda::Permission",
    },
    "apigwconverterPOSTApiPermissiontestapigwF38F2ADAPOSTconverter9A954521": Object {
      "Properties": Object {
        "Action": "lambda:InvokeFunction",
        "FunctionName": Object {
          "Fn::GetAtt": Array [
            "fnUpload490DB5AA",
            "Arn",
          ],
        },
        "Principal": "apigateway.amazonaws.com",
        "SourceArn": Object {
          "Fn::Join": Array [
            "",
            Array [
              "arn:",
              Object {
                "Ref": "AWS::Partition",
              },
              ":execute-api:",
              Object {
                "Ref": "AWS::Region",
              },
              ":",
              Object {
                "Ref": "AWS::AccountId",
              },
              ":",
              Object {
                "Ref": "apigw7F882D19",
              },
              "/",
              Object {
                "Ref": "apigwDeploymentStageprod7B86DEF8",
              },
              "/POST/converter",
            ],
          ],
        },
      },
      "Type": "AWS::Lambda::Permission",
    },
    "csvheartbeatconverterlayerD54999B6": Object {
      "Properties": Object {
        "CompatibleRuntimes": Array [
          "ruby2.7",
        ],
        "Content": Object {
          "S3Bucket": Object {
            "Fn::Sub": "cdk-hnb659fds-assets-\${AWS::AccountId}-\${AWS::Region}",
          },
          "S3Key": "8c13029074e0c75b1dfc9b878e703096b012aec6f3c1ee40e618bfe09310eadf.zip",
        },
        "Description": "Provides ruby libraries for the csv converter",
      },
      "Type": "AWS::Lambda::LayerVersion",
    },
    "fnUpload490DB5AA": Object {
      "DependsOn": Array [
        "fnUploadServiceRole07BB0591",
      ],
      "Properties": Object {
        "Code": Object {
          "S3Bucket": Object {
            "Fn::Sub": "cdk-hnb659fds-assets-\${AWS::AccountId}-\${AWS::Region}",
          },
          "S3Key": "258385ba9e7339f003b802c4d37057cfadf03c6534c5f1e4403e255a710c8961.zip",
        },
        "Description": "Converts CSV data and returns a zipped archive",
        "Handler": "main.handler",
        "Layers": Array [
          Object {
            "Ref": "csvheartbeatconverterlayerD54999B6",
          },
        ],
        "MemorySize": 256,
        "Role": Object {
          "Fn::GetAtt": Array [
            "fnUploadServiceRole07BB0591",
            "Arn",
          ],
        },
        "Runtime": "ruby2.7",
        "Timeout": 60,
      },
      "Type": "AWS::Lambda::Function",
    },
    "fnUploadLogRetention9E9120F4": Object {
      "Properties": Object {
        "LogGroupName": Object {
          "Fn::Join": Array [
            "",
            Array [
              "/aws/lambda/",
              Object {
                "Ref": "fnUpload490DB5AA",
              },
            ],
          ],
        },
        "RetentionInDays": 7,
        "ServiceToken": Object {
          "Fn::GetAtt": Array [
            "LogRetentionaae0aa3c5b4d4f87b02d85b201efdd8aFD4BFC8A",
            "Arn",
          ],
        },
      },
      "Type": "Custom::LogRetention",
    },
    "fnUploadServiceRole07BB0591": Object {
      "Properties": Object {
        "AssumeRolePolicyDocument": Object {
          "Statement": Array [
            Object {
              "Action": "sts:AssumeRole",
              "Effect": "Allow",
              "Principal": Object {
                "Service": "lambda.amazonaws.com",
              },
            },
          ],
          "Version": "2012-10-17",
        },
        "ManagedPolicyArns": Array [
          Object {
            "Fn::Join": Array [
              "",
              Array [
                "arn:",
                Object {
                  "Ref": "AWS::Partition",
                },
                ":iam::aws:policy/service-role/AWSLambdaBasicExecutionRole",
              ],
            ],
          },
        ],
      },
      "Type": "AWS::IAM::Role",
    },
  },
  "Rules": Object {
    "CheckBootstrapVersion": Object {
      "Assertions": Array [
        Object {
          "Assert": Object {
            "Fn::Not": Array [
              Object {
                "Fn::Contains": Array [
                  Array [
                    "1",
                    "2",
                    "3",
                    "4",
                    "5",
                  ],
                  Object {
                    "Ref": "BootstrapVersion",
                  },
                ],
              },
            ],
          },
          "AssertDescription": "CDK bootstrap stack version 6 required. Please run 'cdk bootstrap' with a recent version of the CDK CLI.",
        },
      ],
    },
  },
}
`;
